binary=muscle-x86-64


Warning -- Uncommited changes

gitver.txt done.
clean done.
Running make...
cat: o/cnames.tmp: No such file or directory
+ g++ -c -flto -ffast-math -march=x86-64 -mtune=intel -O3 -DNDEBUG -fopenmp estring.cpp -o o/estring.o
+ g++ -c -flto -ffast-math -march=x86-64 -mtune=intel -O3 -DNDEBUG -fopenmp gtbnode.cpp -o o/gtbnode.o
+ g++ -c -flto -ffast-math -march=x86-64 -mtune=intel -O3 -DNDEBUG -fopenmp heatmapcolors.cpp -o o/heatmapcolors.o
+ g++ -c -flto -ffast-math -march=x86-64 -mtune=intel -O3 -DNDEBUG -fopenmp greedy_rects.cpp -o o/greedy_rects.o
+ g++ -c -flto -ffast-math -march=x86-64 -mtune=intel -O3 -DNDEBUG -fopenmp enumgrid.cpp -o o/enumgrid.o
+ g++ -c -flto -ffast-math -march=x86-64 -mtune=intel -O3 -DNDEBUG -fopenmp diagbox.cpp -o o/diagbox.o
+ g++ -c -flto -ffast-math -march=x86-64 -mtune=intel -O3 -DNDEBUG -fopenmp hscore.cpp -o o/hscore.o
+ g++ -c -flto -ffast-math -march=x86-64 -mtune=intel -O3 -DNDEBUG -fopenmp alpha3.cpp -o o/alpha3.o
+ g++ -c -flto -ffast-math -march=x86-64 -mtune=intel -O3 -DNDEBUG -fopenmp alpha6.cpp -o o/alpha6.o
+ g++ -c -flto -ffast-math -march=x86-64 -mtune=intel -O3 -DNDEBUG -fopenmp enumpaths.cpp -o o/enumpaths.o
+ g++ -c -flto -ffast-math -march=x86-64 -mtune=intel -O3 -DNDEBUG -fopenmp alignmsasbycols.cpp -o o/alignmsasbycols.o
+ g++ -c -flto -ffast-math -march=x86-64 -mtune=intel -O3 -DNDEBUG -fopenmp defaulthmmparams.cpp -o o/defaulthmmparams.o
+ g++ -c -flto -ffast-math -march=x86-64 -mtune=intel -O3 -DNDEBUG -fopenmp mx.cpp -o o/mx.o
+ g++ -c -flto -ffast-math -march=x86-64 -mtune=intel -O3 -DNDEBUG -fopenmp mysparsemx.cpp -o o/mysparsemx.o
+ g++ -c -flto -ffast-math -march=x86-64 -mtune=intel -O3 -DNDEBUG -fopenmp swtestmm.cpp -o o/swtestmm.o
+ g++ -c -flto -ffast-math -march=x86-64 -mtune=intel -O3 -DNDEBUG -fopenmp swtest.cpp -o o/swtest.o
+ g++ -c -flto -ffast-math -march=x86-64 -mtune=intel -O3 -DNDEBUG -fopenmp viterbimega.cpp -o o/viterbimega.o
+ g++ -c -flto -ffast-math -march=x86-64 -mtune=intel -O3 -DNDEBUG -fopenmp swenumdp.cpp -o o/swenumdp.o
+ g++ -c -flto -ffast-math -march=x86-64 -mtune=intel -O3 -DNDEBUG -fopenmp swtester.cpp -o o/swtester.o
+ g++ -c -flto -ffast-math -march=x86-64 -mtune=intel -O3 -DNDEBUG -fopenmp pathinfo.cpp -o o/pathinfo.o
+ g++ -c -flto -ffast-math -march=x86-64 -mtune=intel -O3 -DNDEBUG -fopenmp swsimple.cpp -o o/swsimple.o
+ g++ -c -flto -ffast-math -march=x86-64 -mtune=intel -O3 -DNDEBUG -fopenmp swsimple2.cpp -o o/swsimple2.o
+ g++ -c -flto -ffast-math -march=x86-64 -mtune=intel -O3 -DNDEBUG -fopenmp swer.cpp -o o/swer.o
+ g++ -c -flto -ffast-math -march=x86-64 -mtune=intel -O3 -DNDEBUG -fopenmp objmgr.cpp -o o/objmgr.o
+ g++ -c -flto -ffast-math -march=x86-64 -mtune=intel -O3 -DNDEBUG -fopenmp myalloc.cpp -o o/myalloc.o
+ g++ -c -flto -ffast-math -march=x86-64 -mtune=intel -O3 -DNDEBUG -fopenmp conspairflat.cpp -o o/conspairflat.o
+ g++ -c -flto -ffast-math -march=x86-64 -mtune=intel -O3 -DNDEBUG -fopenmp allocflat.cpp -o o/allocflat.o
+ g++ -c -flto -ffast-math -march=x86-64 -mtune=intel -O3 -DNDEBUG -fopenmp alignpairflat.cpp -o o/alignpairflat.o
+ g++ -c -flto -ffast-math -march=x86-64 -mtune=intel -O3 -DNDEBUG -fopenmp perturbhmm.cpp -o o/perturbhmm.o
+ g++ -c -flto -ffast-math -march=x86-64 -mtune=intel -O3 -DNDEBUG -fopenmp buildposterior3flat.cpp -o o/buildposterior3flat.o
+ g++ -c -flto -ffast-math -march=x86-64 -mtune=intel -O3 -DNDEBUG -fopenmp alnmsasflat_mega.cpp -o o/alnmsasflat_mega.o
+ g++ -c -flto -ffast-math -march=x86-64 -mtune=intel -O3 -DNDEBUG -fopenmp calcposteriorflat.cpp -o o/calcposteriorflat.o
+ g++ -c -flto -ffast-math -march=x86-64 -mtune=intel -O3 -DNDEBUG -fopenmp blosumsmx.cpp -o o/blosumsmx.o
+ g++ -c -flto -ffast-math -march=x86-64 -mtune=intel -O3 -DNDEBUG -fopenmp cmd_mustang_core.cpp -o o/cmd_mustang_core.o
+ g++ -c -flto -ffast-math -march=x86-64 -mtune=intel -O3 -DNDEBUG -fopenmp build_guide_tree.cpp -o o/build_guide_tree.o
+ g++ -c -flto -ffast-math -march=x86-64 -mtune=intel -O3 -DNDEBUG -fopenmp logaln_masm.cpp -o o/logaln_masm.o
+ g++ -c -flto -ffast-math -march=x86-64 -mtune=intel -O3 -DNDEBUG -fopenmp kmerdist66.cpp -o o/kmerdist66.o
+ g++ -c -flto -ffast-math -march=x86-64 -mtune=intel -O3 -DNDEBUG -fopenmp bwdflat3.cpp -o o/bwdflat3.o
+ g++ -c -flto -ffast-math -march=x86-64 -mtune=intel -O3 -DNDEBUG -fopenmp alpha2.cpp -o o/alpha2.o
+ g++ -c -flto -ffast-math -march=x86-64 -mtune=intel -O3 -DNDEBUG -fopenmp bittraceback.cpp -o o/bittraceback.o
+ g++ -c -flto -ffast-math -march=x86-64 -mtune=intel -O3 -DNDEBUG -fopenmp bwdflat_mega.cpp -o o/bwdflat_mega.o
+ g++ -c -flto -ffast-math -march=x86-64 -mtune=intel -O3 -DNDEBUG -fopenmp getpostpairsalignedflat_mega.cpp -o o/getpostpairsalignedflat_mega.o
+ g++ -c -flto -ffast-math -march=x86-64 -mtune=intel -O3 -DNDEBUG -fopenmp swmasm_megaprof.cpp -o o/swmasm_megaprof.o
+ g++ -c -flto -ffast-math -march=x86-64 -mtune=intel -O3 -DNDEBUG -fopenmp writelocalaln.cpp -o o/writelocalaln.o
+ g++ -c -flto -ffast-math -march=x86-64 -mtune=intel -O3 -DNDEBUG -fopenmp assertsameseqs.cpp -o o/assertsameseqs.o
+ g++ -c -flto -ffast-math -march=x86-64 -mtune=intel -O3 -DNDEBUG -fopenmp clustalweights.cpp -o o/clustalweights.o
+ g++ -c -flto -ffast-math -march=x86-64 -mtune=intel -O3 -DNDEBUG -fopenmp letterconf.cpp -o o/letterconf.o
+ g++ -c -flto -ffast-math -march=x86-64 -mtune=intel -O3 -DNDEBUG -fopenmp buildpostflat.cpp -o o/buildpostflat.o
+ g++ -c -flto -ffast-math -march=x86-64 -mtune=intel -O3 -DNDEBUG -fopenmp calcalnscoreflat.cpp -o o/calcalnscoreflat.o
+ g++ -c -flto -ffast-math -march=x86-64 -mtune=intel -O3 -DNDEBUG -fopenmp addconfseq.cpp -o o/addconfseq.o
+ g++ -c -flto -ffast-math -march=x86-64 -mtune=intel -O3 -DNDEBUG -fopenmp loadinput.cpp -o o/loadinput.o
+ g++ -c -flto -ffast-math -march=x86-64 -mtune=intel -O3 -DNDEBUG -fopenmp swps.cpp -o o/swps.o
+ g++ -c -flto -ffast-math -march=x86-64 -mtune=intel -O3 -DNDEBUG -fopenmp alnmsasflat.cpp -o o/alnmsasflat.o
+ g++ -c -flto -ffast-math -march=x86-64 -mtune=intel -O3 -DNDEBUG -fopenmp alnprof3sbypath.cpp -o o/alnprof3sbypath.o
+ g++ -c -flto -ffast-math -march=x86-64 -mtune=intel -O3 -DNDEBUG -fopenmp calcalnscoresparse.cpp -o o/calcalnscoresparse.o
+ g++ -c -flto -ffast-math -march=x86-64 -mtune=intel -O3 -DNDEBUG -fopenmp letterconfhtml.cpp -o o/letterconfhtml.o
+ g++ -c -flto -ffast-math -march=x86-64 -mtune=intel -O3 -DNDEBUG -fopenmp logmx.cpp -o o/logmx.o
+ g++ -c -flto -ffast-math -march=x86-64 -mtune=intel -O3 -DNDEBUG -fopenmp mpcflat_mega.cpp -o o/mpcflat_mega.o
+ g++ -c -flto -ffast-math -march=x86-64 -mtune=intel -O3 -DNDEBUG -fopenmp getconsseq.cpp -o o/getconsseq.o
+ g++ -c -flto -ffast-math -march=x86-64 -mtune=intel -O3 -DNDEBUG -fopenmp jointrees.cpp -o o/jointrees.o
+ g++ -c -flto -ffast-math -march=x86-64 -mtune=intel -O3 -DNDEBUG -fopenmp align.cpp -o o/align.o
+ g++ -c -flto -ffast-math -march=x86-64 -mtune=intel -O3 -DNDEBUG -fopenmp calcpost.cpp -o o/calcpost.o
+ g++ -c -flto -ffast-math -march=x86-64 -mtune=intel -O3 -DNDEBUG -fopenmp cmd_cmp_msa.cpp -o o/cmd_cmp_msa.o
+ g++ -c -flto -ffast-math -march=x86-64 -mtune=intel -O3 -DNDEBUG -fopenmp fwdflat_mega.cpp -o o/fwdflat_mega.o
+ g++ -c -flto -ffast-math -march=x86-64 -mtune=intel -O3 -DNDEBUG -fopenmp m3alnparams.cpp -o o/m3alnparams.o
+ g++ -c -flto -ffast-math -march=x86-64 -mtune=intel -O3 -DNDEBUG -fopenmp alnmsasbypath.cpp -o o/alnmsasbypath.o
+ g++ -c -flto -ffast-math -march=x86-64 -mtune=intel -O3 -DNDEBUG -fopenmp alnmsasflat3.cpp -o o/alnmsasflat3.o
+ g++ -c -flto -ffast-math -march=x86-64 -mtune=intel -O3 -DNDEBUG -fopenmp blosum.cpp -o o/blosum.o
+ g++ -c -flto -ffast-math -march=x86-64 -mtune=intel -O3 -DNDEBUG -fopenmp consflat.cpp -o o/consflat.o
+ g++ -c -flto -ffast-math -march=x86-64 -mtune=intel -O3 -DNDEBUG -fopenmp efastats.cpp -o o/efastats.o
+ g++ -c -flto -ffast-math -march=x86-64 -mtune=intel -O3 -DNDEBUG -fopenmp fwdflat3.cpp -o o/fwdflat3.o
+ g++ -c -flto -ffast-math -march=x86-64 -mtune=intel -O3 -DNDEBUG -fopenmp make_a2m_refseq.cpp -o o/make_a2m_refseq.o
+ g++ -c -flto -ffast-math -march=x86-64 -mtune=intel -O3 -DNDEBUG -fopenmp cmd_newbench_pfamgroups.cpp -o o/cmd_newbench_pfamgroups.o
+ g++ -c -flto -ffast-math -march=x86-64 -mtune=intel -O3 -DNDEBUG -fopenmp cmd_masm_search.cpp -o o/cmd_masm_search.o
+ g++ -c -flto -ffast-math -march=x86-64 -mtune=intel -O3 -DNDEBUG -fopenmp pathscorer.cpp -o o/pathscorer.o
+ g++ -c -flto -ffast-math -march=x86-64 -mtune=intel -O3 -DNDEBUG -fopenmp kmerdist33.cpp -o o/kmerdist33.o
+ g++ -c -flto -ffast-math -march=x86-64 -mtune=intel -O3 -DNDEBUG -fopenmp calcalnflat.cpp -o o/calcalnflat.o
+ g++ -c -flto -ffast-math -march=x86-64 -mtune=intel -O3 -DNDEBUG -fopenmp dividetree.cpp -o o/dividetree.o
+ g++ -c -flto -ffast-math -march=x86-64 -mtune=intel -O3 -DNDEBUG -fopenmp fa2efa.cpp -o o/fa2efa.o
+ g++ -c -flto -ffast-math -march=x86-64 -mtune=intel -O3 -DNDEBUG -fopenmp getpairs.cpp -o o/getpairs.o
+ g++ -c -flto -ffast-math -march=x86-64 -mtune=intel -O3 -DNDEBUG -fopenmp jalview.cpp -o o/jalview.o
+ g++ -c -flto -ffast-math -march=x86-64 -mtune=intel -O3 -DNDEBUG -fopenmp eacluster.cpp -o o/eacluster.o
+ g++ -c -flto -ffast-math -march=x86-64 -mtune=intel -O3 -DNDEBUG -fopenmp nwsmall3.cpp -o o/nwsmall3.o
+ g++ -c -flto -ffast-math -march=x86-64 -mtune=intel -O3 -DNDEBUG -fopenmp cmp_ref_msas.cpp -o o/cmp_ref_msas.o
+ g++ -c -flto -ffast-math -march=x86-64 -mtune=intel -O3 -DNDEBUG -fopenmp eesort.cpp -o o/eesort.o
+ g++ -c -flto -ffast-math -march=x86-64 -mtune=intel -O3 -DNDEBUG -fopenmp disperse.cpp -o o/disperse.o
+ g++ -c -flto -ffast-math -march=x86-64 -mtune=intel -O3 -DNDEBUG -fopenmp hmmdump.cpp -o o/hmmdump.o
+ g++ -c -flto -ffast-math -march=x86-64 -mtune=intel -O3 -DNDEBUG -fopenmp efaexplode.cpp -o o/efaexplode.o
+ g++ -c -flto -ffast-math -march=x86-64 -mtune=intel -O3 -DNDEBUG -fopenmp msastats.cpp -o o/msastats.o
+ g++ -c -flto -ffast-math -march=x86-64 -mtune=intel -O3 -DNDEBUG -fopenmp scoretest.cpp -o o/scoretest.o
+ g++ -c -flto -ffast-math -march=x86-64 -mtune=intel -O3 -DNDEBUG -fopenmp core_blocks.cpp -o o/core_blocks.o
+ g++ -c -flto -ffast-math -march=x86-64 -mtune=intel -O3 -DNDEBUG -fopenmp alnalnsflat.cpp -o o/alnalnsflat.o
+ g++ -c -flto -ffast-math -march=x86-64 -mtune=intel -O3 -DNDEBUG -fopenmp logdistmx.cpp -o o/logdistmx.o
+ g++ -c -flto -ffast-math -march=x86-64 -mtune=intel -O3 -DNDEBUG -fopenmp pprog_mega.cpp -o o/pprog_mega.o
+ g++ -c -flto -ffast-math -march=x86-64 -mtune=intel -O3 -DNDEBUG -fopenmp test_sw_mm.cpp -o o/test_sw_mm.o
+ g++ -c -flto -ffast-math -march=x86-64 -mtune=intel -O3 -DNDEBUG -fopenmp efabestcols.cpp -o o/efabestcols.o
+ g++ -c -flto -ffast-math -march=x86-64 -mtune=intel -O3 -DNDEBUG -fopenmp make_substmx.cpp -o o/make_substmx.o
+ g++ -c -flto -ffast-math -march=x86-64 -mtune=intel -O3 -DNDEBUG -fopenmp mega_msas.cpp -o o/mega_msas.o
+ g++ -c -flto -ffast-math -march=x86-64 -mtune=intel -O3 -DNDEBUG -fopenmp eadistmxmsas.cpp -o o/eadistmxmsas.o
+ g++ -c -flto -ffast-math -march=x86-64 -mtune=intel -O3 -DNDEBUG -fopenmp hmmparams.cpp -o o/hmmparams.o
+ g++ -c -flto -ffast-math -march=x86-64 -mtune=intel -O3 -DNDEBUG -fopenmp efabestconf.cpp -o o/efabestconf.o
+ g++ -c -flto -ffast-math -march=x86-64 -mtune=intel -O3 -DNDEBUG -fopenmp getpostpairsalignedflat.cpp -o o/getpostpairsalignedflat.o
+ g++ -c -flto -ffast-math -march=x86-64 -mtune=intel -O3 -DNDEBUG -fopenmp maxcc.cpp -o o/maxcc.o
+ g++ -c -flto -ffast-math -march=x86-64 -mtune=intel -O3 -DNDEBUG -fopenmp fasta.cpp -o o/fasta.o
+ g++ -c -flto -ffast-math -march=x86-64 -mtune=intel -O3 -DNDEBUG -fopenmp cmd_squeeze_inserts.cpp -o o/cmd_squeeze_inserts.o
+ g++ -c -flto -ffast-math -march=x86-64 -mtune=intel -O3 -DNDEBUG -fopenmp test_sw_aa.cpp -o o/test_sw_aa.o
+ g++ -c -flto -ffast-math -march=x86-64 -mtune=intel -O3 -DNDEBUG -fopenmp m3select.cpp -o o/m3select.o
+ g++ -c -flto -ffast-math -march=x86-64 -mtune=intel -O3 -DNDEBUG -fopenmp make_a2m.cpp -o o/make_a2m.o
+ g++ -c -flto -ffast-math -march=x86-64 -mtune=intel -O3 -DNDEBUG -fopenmp permutetree.cpp -o o/permutetree.o
+ g++ -c -flto -ffast-math -march=x86-64 -mtune=intel -O3 -DNDEBUG -fopenmp masm_train.cpp -o o/masm_train.o
+ g++ -c -flto -ffast-math -march=x86-64 -mtune=intel -O3 -DNDEBUG -fopenmp fasta2.cpp -o o/fasta2.o
+ g++ -c -flto -ffast-math -march=x86-64 -mtune=intel -O3 -DNDEBUG -fopenmp logaln.cpp -o o/logaln.o
+ g++ -c -flto -ffast-math -march=x86-64 -mtune=intel -O3 -DNDEBUG -fopenmp main.cpp -o o/main.o
+ g++ -c -flto -ffast-math -march=x86-64 -mtune=intel -O3 -DNDEBUG -fopenmp cmd_msa_prep.cpp -o o/cmd_msa_prep.o
+ g++ -c -flto -ffast-math -march=x86-64 -mtune=intel -O3 -DNDEBUG -fopenmp cmd_bench.cpp -o o/cmd_bench.o
+ g++ -c -flto -ffast-math -march=x86-64 -mtune=intel -O3 -DNDEBUG -fopenmp cmd_muscle3.cpp -o o/cmd_muscle3.o
+ g++ -c -flto -ffast-math -march=x86-64 -mtune=intel -O3 -DNDEBUG -fopenmp derep.cpp -o o/derep.o
+ g++ -c -flto -ffast-math -march=x86-64 -mtune=intel -O3 -DNDEBUG -fopenmp multisequence.cpp -o o/multisequence.o
+ g++ -c -flto -ffast-math -march=x86-64 -mtune=intel -O3 -DNDEBUG -fopenmp pprogt.cpp -o o/pprogt.o
+ g++ -c -flto -ffast-math -march=x86-64 -mtune=intel -O3 -DNDEBUG -fopenmp protdist.cpp -o o/protdist.o
+ g++ -c -flto -ffast-math -march=x86-64 -mtune=intel -O3 -DNDEBUG -fopenmp kimuradist.cpp -o o/kimuradist.o
+ g++ -c -flto -ffast-math -march=x86-64 -mtune=intel -O3 -DNDEBUG -fopenmp globalinputms.cpp -o o/globalinputms.o
+ g++ -c -flto -ffast-math -march=x86-64 -mtune=intel -O3 -DNDEBUG -fopenmp guidetreejoinorder.cpp -o o/guidetreejoinorder.o
+ g++ -c -flto -ffast-math -march=x86-64 -mtune=intel -O3 -DNDEBUG -fopenmp eadistmx.cpp -o o/eadistmx.o
+ g++ -c -flto -ffast-math -march=x86-64 -mtune=intel -O3 -DNDEBUG -fopenmp msaselfscore3.cpp -o o/msaselfscore3.o
+ g++ -c -flto -ffast-math -march=x86-64 -mtune=intel -O3 -DNDEBUG -fopenmp msa_prep.cpp -o o/msa_prep.o
+ g++ -c -flto -ffast-math -march=x86-64 -mtune=intel -O3 -DNDEBUG -fopenmp probcons.cpp -o o/probcons.o
+ g++ -c -flto -ffast-math -march=x86-64 -mtune=intel -O3 -DNDEBUG -fopenmp muscle3.cpp -o o/muscle3.o
+ g++ -c -flto -ffast-math -march=x86-64 -mtune=intel -O3 -DNDEBUG -fopenmp pprog3.cpp -o o/pprog3.o
+ g++ -c -flto -ffast-math -march=x86-64 -mtune=intel -O3 -DNDEBUG -fopenmp msa2.cpp -o o/msa2.o
+ g++ -c -flto -ffast-math -march=x86-64 -mtune=intel -O3 -DNDEBUG -fopenmp pprog2.cpp -o o/pprog2.o
+ g++ -c -flto -ffast-math -march=x86-64 -mtune=intel -O3 -DNDEBUG -fopenmp profpos3.cpp -o o/profpos3.o
+ g++ -c -flto -ffast-math -march=x86-64 -mtune=intel -O3 -DNDEBUG -fopenmp cmd_m3ensemble.cpp -o o/cmd_m3ensemble.o
+ g++ -c -flto -ffast-math -march=x86-64 -mtune=intel -O3 -DNDEBUG -fopenmp cmd_batch.cpp -o o/cmd_batch.o
+ g++ -c -flto -ffast-math -march=x86-64 -mtune=intel -O3 -DNDEBUG -fopenmp cmd_newbench_selectpfams.cpp -o o/cmd_newbench_selectpfams.o
+ g++ -c -flto -ffast-math -march=x86-64 -mtune=intel -O3 -DNDEBUG -fopenmp pprog_tree.cpp -o o/pprog_tree.o
+ g++ -c -flto -ffast-math -march=x86-64 -mtune=intel -O3 -DNDEBUG -fopenmp cmd_calibrate_masm.cpp -o o/cmd_calibrate_masm.o
+ g++ -c -flto -ffast-math -march=x86-64 -mtune=intel -O3 -DNDEBUG -fopenmp bench.cpp -o o/bench.o
+ g++ -c -flto -ffast-math -march=x86-64 -mtune=intel -O3 -DNDEBUG -fopenmp colscoreefa.cpp -o o/colscoreefa.o
+ g++ -c -flto -ffast-math -march=x86-64 -mtune=intel -O3 -DNDEBUG -fopenmp profseq.cpp -o o/profseq.o
+ g++ -c -flto -ffast-math -march=x86-64 -mtune=intel -O3 -DNDEBUG -fopenmp masmcol.cpp -o o/masmcol.o
+ g++ -c -flto -ffast-math -march=x86-64 -mtune=intel -O3 -DNDEBUG -fopenmp m3refine.cpp -o o/m3refine.o
+ g++ -c -flto -ffast-math -march=x86-64 -mtune=intel -O3 -DNDEBUG -fopenmp profprof3.cpp -o o/profprof3.o
+ g++ -c -flto -ffast-math -march=x86-64 -mtune=intel -O3 -DNDEBUG -fopenmp msa.cpp -o o/msa.o
+ g++ -c -flto -ffast-math -march=x86-64 -mtune=intel -O3 -DNDEBUG -fopenmp pprog.cpp -o o/pprog.o
+ g++ -c -flto -ffast-math -march=x86-64 -mtune=intel -O3 -DNDEBUG -fopenmp profalign.cpp -o o/profalign.o
+ g++ -c -flto -ffast-math -march=x86-64 -mtune=intel -O3 -DNDEBUG -fopenmp masm.cpp -o o/masm.o
+ g++ -c -flto -ffast-math -march=x86-64 -mtune=intel -O3 -DNDEBUG -fopenmp profile3.cpp -o o/profile3.o
+ g++ -c -flto -ffast-math -march=x86-64 -mtune=intel -O3 -DNDEBUG -fopenmp mega.cpp -o o/mega.o
+ g++ -c -flto -ffast-math -march=x86-64 -mtune=intel -O3 -DNDEBUG -fopenmp mpcflat.cpp -o o/mpcflat.o
+ g++ -c -flto -ffast-math -march=x86-64 -mtune=intel -O3 -DNDEBUG -fopenmp repredict.cpp -o o/repredict.o
+ g++ -c -flto -ffast-math -march=x86-64 -mtune=intel -O3 -DNDEBUG -fopenmp ensemble.cpp -o o/ensemble.o
+ g++ -c -flto -ffast-math -march=x86-64 -mtune=intel -O3 -DNDEBUG -fopenmp randomdistmx.cpp -o o/randomdistmx.o
+ g++ -c -flto -ffast-math -march=x86-64 -mtune=intel -O3 -DNDEBUG -fopenmp myutils.cpp -o o/myutils.o
+ g++ -c -flto -ffast-math -march=x86-64 -mtune=intel -O3 -DNDEBUG -fopenmp runthreads.cpp -o o/runthreads.o
+ g++ -c -flto -ffast-math -march=x86-64 -mtune=intel -O3 -DNDEBUG -fopenmp protdists.cpp -o o/protdists.o
+ g++ -c -flto -ffast-math -march=x86-64 -mtune=intel -O3 -DNDEBUG -fopenmp protdistpair.cpp -o o/protdistpair.o
+ g++ -c -flto -ffast-math -march=x86-64 -mtune=intel -O3 -DNDEBUG -fopenmp treesplitter.cpp -o o/treesplitter.o
+ g++ -c -flto -ffast-math -march=x86-64 -mtune=intel -O3 -DNDEBUG -fopenmp shrub.cpp -o o/shrub.o
+ g++ -c -flto -ffast-math -march=x86-64 -mtune=intel -O3 -DNDEBUG -fopenmp qscorer2.cpp -o o/qscorer2.o
+ g++ -c -flto -ffast-math -march=x86-64 -mtune=intel -O3 -DNDEBUG -fopenmp mega_structs.cpp -o o/mega_structs.o
+ g++ -c -flto -ffast-math -march=x86-64 -mtune=intel -O3 -DNDEBUG -fopenmp qscoreefa.cpp -o o/qscoreefa.o
+ g++ -c -flto -ffast-math -march=x86-64 -mtune=intel -O3 -DNDEBUG -fopenmp qscore.cpp -o o/qscore.o
+ g++ -c -flto -ffast-math -march=x86-64 -mtune=intel -O3 -DNDEBUG -fopenmp randomchaintree.cpp -o o/randomchaintree.o
+ g++ -c -flto -ffast-math -march=x86-64 -mtune=intel -O3 -DNDEBUG -fopenmp relabel.cpp -o o/relabel.o
+ g++ -c -flto -ffast-math -march=x86-64 -mtune=intel -O3 -DNDEBUG -fopenmp showseqstats.cpp -o o/showseqstats.o
+ g++ -c -flto -ffast-math -march=x86-64 -mtune=intel -O3 -DNDEBUG -fopenmp resample.cpp -o o/resample.o
+ g++ -c -flto -ffast-math -march=x86-64 -mtune=intel -O3 -DNDEBUG -fopenmp test_malloc.cpp -o o/test_malloc.o
+ g++ -c -flto -ffast-math -march=x86-64 -mtune=intel -O3 -DNDEBUG -fopenmp searchpd.cpp -o o/searchpd.o
+ g++ -c -flto -ffast-math -march=x86-64 -mtune=intel -O3 -DNDEBUG -fopenmp seqinfo.cpp -o o/seqinfo.o
+ g++ -c -flto -ffast-math -march=x86-64 -mtune=intel -O3 -DNDEBUG -fopenmp simplecluster.cpp -o o/simplecluster.o
+ g++ -c -flto -ffast-math -march=x86-64 -mtune=intel -O3 -DNDEBUG -fopenmp seb8.cpp -o o/seb8.o
+ g++ -c -flto -ffast-math -march=x86-64 -mtune=intel -O3 -DNDEBUG -fopenmp tracebackbitmem.cpp -o o/tracebackbitmem.o
+ g++ -c -flto -ffast-math -march=x86-64 -mtune=intel -O3 -DNDEBUG -fopenmp quarts.cpp -o o/quarts.o
+ g++ -c -flto -ffast-math -march=x86-64 -mtune=intel -O3 -DNDEBUG -fopenmp stripgappy.cpp -o o/stripgappy.o
+ g++ -c -flto -ffast-math -march=x86-64 -mtune=intel -O3 -DNDEBUG -fopenmp strip_anchors.cpp -o o/strip_anchors.o
+ g++ -c -flto -ffast-math -march=x86-64 -mtune=intel -O3 -DNDEBUG -fopenmp stripgappyrows.cpp -o o/stripgappyrows.o
+ g++ -c -flto -ffast-math -march=x86-64 -mtune=intel -O3 -DNDEBUG -fopenmp pairhmm.cpp -o o/pairhmm.o
+ g++ -c -flto -ffast-math -march=x86-64 -mtune=intel -O3 -DNDEBUG -fopenmp abcxyz.cpp -o o/abcxyz.o
+ g++ -c -flto -ffast-math -march=x86-64 -mtune=intel -O3 -DNDEBUG -fopenmp trimtoref.cpp -o o/trimtoref.o
+ g++ -c -flto -ffast-math -march=x86-64 -mtune=intel -O3 -DNDEBUG -fopenmp alpha_collect.cpp -o o/alpha_collect.o
+ g++ -c -flto -ffast-math -march=x86-64 -mtune=intel -O3 -DNDEBUG -fopenmp substmxfromfile.cpp -o o/substmxfromfile.o
+ g++ -c -flto -ffast-math -march=x86-64 -mtune=intel -O3 -DNDEBUG -fopenmp fan.cpp -o o/fan.o
+ g++ -c -flto -ffast-math -march=x86-64 -mtune=intel -O3 -DNDEBUG -fopenmp trimtorefefa.cpp -o o/trimtorefefa.o
+ g++ -c -flto -ffast-math -march=x86-64 -mtune=intel -O3 -DNDEBUG -fopenmp linereader2.cpp -o o/linereader2.o
+ g++ -c -flto -ffast-math -march=x86-64 -mtune=intel -O3 -DNDEBUG -fopenmp peaker_spec.cpp -o o/peaker_spec.o
+ g++ -c -flto -ffast-math -march=x86-64 -mtune=intel -O3 -DNDEBUG -fopenmp spatter.cpp -o o/spatter.o
+ g++ -c -flto -ffast-math -march=x86-64 -mtune=intel -O3 -DNDEBUG -fopenmp one2three.cpp -o o/one2three.o
+ g++ -c -flto -ffast-math -march=x86-64 -mtune=intel -O3 -DNDEBUG -fopenmp test.cpp -o o/test.o
+ g++ -c -flto -ffast-math -march=x86-64 -mtune=intel -O3 -DNDEBUG -fopenmp viterbifastmem.cpp -o o/viterbifastmem.o
+ g++ -c -flto -ffast-math -march=x86-64 -mtune=intel -O3 -DNDEBUG -fopenmp pdbfilescanner.cpp -o o/pdbfilescanner.o
+ g++ -c -flto -ffast-math -march=x86-64 -mtune=intel -O3 -DNDEBUG -fopenmp sw.cpp -o o/sw.o
+ g++ -c -flto -ffast-math -march=x86-64 -mtune=intel -O3 -DNDEBUG -fopenmp test_mega.cpp -o o/test_mega.o
+ g++ -c -flto -ffast-math -march=x86-64 -mtune=intel -O3 -DNDEBUG -fopenmp swmasm.cpp -o o/swmasm.o
+ g++ -c -flto -ffast-math -march=x86-64 -mtune=intel -O3 -DNDEBUG -fopenmp super7_mega.cpp -o o/super7_mega.o
+ g++ -c -flto -ffast-math -march=x86-64 -mtune=intel -O3 -DNDEBUG -fopenmp super7.cpp -o o/super7.o
+ g++ -c -flto -ffast-math -march=x86-64 -mtune=intel -O3 -DNDEBUG -fopenmp nwmasm.cpp -o o/nwmasm.o
+ g++ -c -flto -ffast-math -march=x86-64 -mtune=intel -O3 -DNDEBUG -fopenmp treetofile.cpp -o o/treetofile.o
+ g++ -c -flto -ffast-math -march=x86-64 -mtune=intel -O3 -DNDEBUG -fopenmp swmasm_seq.cpp -o o/swmasm_seq.o
+ g++ -c -flto -ffast-math -march=x86-64 -mtune=intel -O3 -DNDEBUG -fopenmp swdistmx.cpp -o o/swdistmx.o
+ g++ -c -flto -ffast-math -march=x86-64 -mtune=intel -O3 -DNDEBUG -fopenmp treefromfile.cpp -o o/treefromfile.o
+ g++ -c -flto -ffast-math -march=x86-64 -mtune=intel -O3 -DNDEBUG -fopenmp tree2.cpp -o o/tree2.o
+ g++ -c -flto -ffast-math -march=x86-64 -mtune=intel -O3 -DNDEBUG -fopenmp chaq_fast.cpp -o o/chaq_fast.o
+ g++ -c -flto -ffast-math -march=x86-64 -mtune=intel -O3 -DNDEBUG -fopenmp nwmasm_seq.cpp -o o/nwmasm_seq.o
+ g++ -c -flto -ffast-math -march=x86-64 -mtune=intel -O3 -DNDEBUG -fopenmp stage1_stubs.cpp -o o/stage1_stubs.o
+ g++ -c -flto -ffast-math -march=x86-64 -mtune=intel -O3 -DNDEBUG -fopenmp tree4.cpp -o o/tree4.o
+ g++ -c -flto -ffast-math -march=x86-64 -mtune=intel -O3 -DNDEBUG -fopenmp super6.cpp -o o/super6.o
+ g++ -c -flto -ffast-math -march=x86-64 -mtune=intel -O3 -DNDEBUG -fopenmp setprobconsparams.cpp -o o/setprobconsparams.o
+ g++ -c -flto -ffast-math -march=x86-64 -mtune=intel -O3 -DNDEBUG -fopenmp collect.cpp -o o/collect.o
+ g++ -c -flto -ffast-math -march=x86-64 -mtune=intel -O3 -DNDEBUG -fopenmp progalnflat.cpp -o o/progalnflat.o
+ g++ -c -flto -ffast-math -march=x86-64 -mtune=intel -O3 -DNDEBUG -fopenmp tree.cpp -o o/tree.o
+ g++ -c -flto -ffast-math -march=x86-64 -mtune=intel -O3 -DNDEBUG -fopenmp sequence.cpp -o o/sequence.o
+ g++ -c -flto -ffast-math -march=x86-64 -mtune=intel -O3 -DNDEBUG -fopenmp sec32_kmeans.cpp -o o/sec32_kmeans.o
+ g++ -c -flto -ffast-math -march=x86-64 -mtune=intel -O3 -DNDEBUG -fopenmp relaxflat.cpp -o o/relaxflat.o
+ g++ -c -flto -ffast-math -march=x86-64 -mtune=intel -O3 -DNDEBUG -fopenmp testfb.cpp -o o/testfb.o
+ g++ -c -flto -ffast-math -march=x86-64 -mtune=intel -O3 -DNDEBUG -fopenmp qscore2.cpp -o o/qscore2.o
+ g++ -c -flto -ffast-math -march=x86-64 -mtune=intel -O3 -DNDEBUG -fopenmp refineflat.cpp -o o/refineflat.o
+ g++ -c -flto -ffast-math -march=x86-64 -mtune=intel -O3 -DNDEBUG -fopenmp tracebackflat.cpp -o o/tracebackflat.o
+ g++ -c -flto -ffast-math -march=x86-64 -mtune=intel -O3 -DNDEBUG -fopenmp seqdb.cpp -o o/seqdb.o
+ g++ -c -flto -ffast-math -march=x86-64 -mtune=intel -O3 -DNDEBUG -fopenmp project.cpp -o o/project.o
+ g++ -c -flto -ffast-math -march=x86-64 -mtune=intel -O3 -DNDEBUG -fopenmp testlog.cpp -o o/testlog.o
+ g++ -c -flto -ffast-math -march=x86-64 -mtune=intel -O3 -DNDEBUG -fopenmp qscore_oldcode.cpp -o o/qscore_oldcode.o
+ g++ -c -flto -ffast-math -march=x86-64 -mtune=intel -O3 -DNDEBUG -fopenmp seq.cpp -o o/seq.o
+ g++ -c -flto -ffast-math -march=x86-64 -mtune=intel -O3 -DNDEBUG -fopenmp treeperm.cpp -o o/treeperm.o
+ g++ -c -flto -ffast-math -march=x86-64 -mtune=intel -O3 -DNDEBUG -fopenmp read_alphadir.cpp -o o/read_alphadir.o
+ g++ -c -flto -ffast-math -march=x86-64 -mtune=intel -O3 -DNDEBUG -fopenmp flat_params.cpp -o o/flat_params.o
flat_params.cpp: In static member function ‘static void flat_params::init_kappa()’:
flat_params.cpp:117:34: warning: empty parentheses were disambiguated as a function declaration [-Wvexing-parse]
  117 |         int kappa_max_pos_logodds();
      |                                  ^~
flat_params.cpp:117:34: note: remove parentheses to default-initialize a variable
  117 |         int kappa_max_pos_logodds();
      |                                  ^~
      |                                  --
flat_params.cpp:117:34: note: or replace parentheses with braces to value-initialize a variable
+ g++ -c -flto -ffast-math -march=x86-64 -mtune=intel -O3 -DNDEBUG -fopenmp totalprobflat.cpp -o o/totalprobflat.o
+ g++ -c -flto -ffast-math -march=x86-64 -mtune=intel -O3 -DNDEBUG -fopenmp bcadata.cpp -o o/bcadata.o
+ g++ -c -flto -ffast-math -march=x86-64 -mtune=intel -O3 -DNDEBUG -fopenmp sweeper.cpp -o o/sweeper.o
+ g++ -c -flto -ffast-math -march=x86-64 -mtune=intel -O3 -DNDEBUG -fopenmp stripgappycols.cpp -o o/stripgappycols.o
+ g++ -c -flto -ffast-math -march=x86-64 -mtune=intel -O3 -DNDEBUG -fopenmp chaq.cpp -o o/chaq.o
+ g++ -c -flto -ffast-math -march=x86-64 -mtune=intel -O3 -DNDEBUG -fopenmp testscoretype.cpp -o o/testscoretype.o
+ g++ -c -flto -ffast-math -march=x86-64 -mtune=intel -O3 -DNDEBUG -fopenmp transq.cpp -o o/transq.o
+ g++ -c -flto -ffast-math -march=x86-64 -mtune=intel -O3 -DNDEBUG -fopenmp textfile.cpp -o o/textfile.o
+ g++ -c -flto -ffast-math -march=x86-64 -mtune=intel -O3 -DNDEBUG -fopenmp usage.cpp -o o/usage.o
+ g++ -c -flto -ffast-math -march=x86-64 -mtune=intel -O3 -DNDEBUG -fopenmp sweep.cpp -o o/sweep.o
+ g++ -c -flto -ffast-math -march=x86-64 -mtune=intel -O3 -DNDEBUG -fopenmp transalnref.cpp -o o/transalnref.o
+ g++ -c -flto -ffast-math -march=x86-64 -mtune=intel -O3 -DNDEBUG -fopenmp struct_desc.cpp -o o/struct_desc.o
+ g++ -c -flto -ffast-math -march=x86-64 -mtune=intel -O3 -DNDEBUG -fopenmp usorter.cpp -o o/usorter.o
+ g++ -c -flto -ffast-math -march=x86-64 -mtune=intel -O3 -DNDEBUG -fopenmp cif.cpp -o o/cif.o
+ g++ -c -flto -ffast-math -march=x86-64 -mtune=intel -O3 -DNDEBUG -fopenmp flat_chain_reader.cpp -o o/flat_chain_reader.o
+ g++ -c -flto -ffast-math -march=x86-64 -mtune=intel -O3 -DNDEBUG -fopenmp varstr.cpp -o o/varstr.o
+ g++ -c -flto -ffast-math -march=x86-64 -mtune=intel -O3 -DNDEBUG -fopenmp flat_chain.cpp -o o/flat_chain.o
+ g++ -c -flto -ffast-math -march=x86-64 -mtune=intel -O3 -DNDEBUG -fopenmp uclust.cpp -o o/uclust.o
+ g++ -c -flto -ffast-math -march=x86-64 -mtune=intel -O3 -DNDEBUG -fopenmp upgma5_msa.cpp -o o/upgma5_msa.o
+ g++ -c -flto -ffast-math -march=x86-64 -mtune=intel -O3 -DNDEBUG -fopenmp uclustpd2.cpp -o o/uclustpd2.o
+ g++ -c -flto -ffast-math -march=x86-64 -mtune=intel -O3 -DNDEBUG -fopenmp qscorer.cpp -o o/qscorer.o
+ g++ -c -flto -ffast-math -march=x86-64 -mtune=intel -O3 -DNDEBUG -fopenmp treesubsetnodes.cpp -o o/treesubsetnodes.o
+ g++ -c -flto -ffast-math -march=x86-64 -mtune=intel -O3 -DNDEBUG -fopenmp sec_kmeans.cpp -o o/sec_kmeans.o
+ g++ -c -flto -ffast-math -march=x86-64 -mtune=intel -O3 -DNDEBUG -fopenmp transaln.cpp -o o/transaln.o
+ g++ -c -flto -ffast-math -march=x86-64 -mtune=intel -O3 -DNDEBUG -fopenmp super4.cpp -o o/super4.o
+ g++ -c -flto -ffast-math -march=x86-64 -mtune=intel -O3 -DNDEBUG -fopenmp upgma5.cpp -o o/upgma5.o
+ g++ -c -flto -ffast-math -march=x86-64 -mtune=intel -O3 -DNDEBUG -fopenmp flat_alphas.cpp -o o/flat_alphas.o
+ g++ -c -flto -ffast-math -march=x86-64 -mtune=intel -O3 -DNDEBUG -fopenmp flat_helpers.cpp -o o/flat_helpers.o
+ g++ -c -flto -ffast-math -march=x86-64 -mtune=intel -O3 -DNDEBUG -fopenmp uclustpd.cpp -o o/uclustpd.o
+ g++ -c -flto -ffast-math -march=x86-64 -mtune=intel -O3 -DNDEBUG -fopenmp super5.cpp -o o/super5.o
+ g++ -c -flto -ffast-math -march=x86-64 -mtune=intel -O3 -DNDEBUG -fopenmp flat_distmx.cpp -o o/flat_distmx.o
/usr/bin/ld: /usr/lib/gcc/x86_64-linux-gnu/13/libgomp.a(target.o): in function `gomp_target_init.part.0':
(.text+0x553): warning: Using 'dlopen' in statically linked applications requires at runtime the shared libraries from the glibc version used for linking
lto-wrapper: warning: using serial compilation of 21 LTRANS jobs
lto-wrapper: note: see the ‘-flto’ option documentation for more information
make done rc=0
exit rc=0
